###############################################################################
#
# IAR ELF Linker V3.10.1.201 for STM8                     17/Jan/2022  09:14:55
# Copyright 2010-2017 IAR Systems AB.
#
#    Output file  =  D:\IAR_Project\IIC_OLED\Debug\Exe\IIC_OLED.out
#    Map file     =  D:\IAR_Project\IIC_OLED\Debug\List\IIC_OLED.map
#    Command line =  
#        -f C:\Users\Admin\AppData\Local\Temp\EW7E84.tmp
#        (D:\IAR_Project\IIC_OLED\Debug\Obj\AT24C02.o
#        D:\IAR_Project\IIC_OLED\Debug\Obj\main.o
#        D:\IAR_Project\IIC_OLED\Debug\Obj\stm8s_adc1.o
#        D:\IAR_Project\IIC_OLED\Debug\Obj\stm8s_clk.o
#        D:\IAR_Project\IIC_OLED\Debug\Obj\stm8s_exti.o
#        D:\IAR_Project\IIC_OLED\Debug\Obj\stm8s_flash.o
#        D:\IAR_Project\IIC_OLED\Debug\Obj\stm8s_gpio.o
#        D:\IAR_Project\IIC_OLED\Debug\Obj\stm8s_i2c.o
#        D:\IAR_Project\IIC_OLED\Debug\Obj\stm8s_it.o
#        D:\IAR_Project\IIC_OLED\Debug\Obj\stm8s_itc.o
#        D:\IAR_Project\IIC_OLED\Debug\Obj\stm8s_iwdg.o
#        D:\IAR_Project\IIC_OLED\Debug\Obj\stm8s_rst.o
#        D:\IAR_Project\IIC_OLED\Debug\Obj\stm8s_spi.o
#        D:\IAR_Project\IIC_OLED\Debug\Obj\stm8s_tim1.o
#        D:\IAR_Project\IIC_OLED\Debug\Obj\stm8s_tim2.o
#        D:\IAR_Project\IIC_OLED\Debug\Obj\stm8s_uart1.o
#        D:\IAR_Project\IIC_OLED\Debug\Obj\stm8s_wwdg.o --redirect
#        _Printf=_PrintfFullNoMb --redirect _Scanf=_ScanfFullNoMb -o
#        D:\IAR_Project\IIC_OLED\Debug\Exe\IIC_OLED.out --map
#        D:\IAR_Project\IIC_OLED\Debug\List\IIC_OLED.map --config
#        D:\IAR\stm8\config\lnkstm8s103f3.icf --config_def _CSTACK_SIZE=0x100
#        --config_def _HEAP_SIZE=0x100 --entry __iar_program_start --debug_lib)
#
###############################################################################

*******************************************************************************
*** MESSAGES
***

Error[Lp011]: section placement failed
            unable to allocate space for sections/blocks with a total estimated
                      minimum size of 0x4a0 bytes (max align 0x1) in
                      <[0x000000-0x0003ff]> (total uncommitted space 0x2f0).
            Uncommitted:
            [0x000000-0x0000ff]:  0xf0
            [0x000100-0x0003ff]: 0x200


*******************************************************************************
*** RUNTIME MODEL ATTRIBUTES
***

__SystemLibrary            = DLib
__code_model               = small
__core                     = stm8
__data_model               = large
__dlib_file_descriptor     = 0
__dlib_full_locale_support = 0
__rt_version               = 4


*******************************************************************************
*** PLACEMENT SUMMARY
***

"A0":  place at start of [0x000000-0x0000ff] { rw section .vregs };
"A1":  place at end of [0x000000-0x0003ff] { block CSTACK };
"P2":  place in [from 0x000000 to 0x0003ff] {
          block HEAP, rw section __DLIB_PERTHREAD, rw section .far.bss,
          rw section .far.data, rw section .far.noinit,
          rw section .far_func.textrw, rw section .huge.bss,
          rw section .huge.data, rw section .huge.noinit,
          rw section .huge_func.textrw, rw section .iar.dynexit,
          rw section .near.bss, rw section .near.data, rw section .near.noinit,
          rw section .near_func.textrw };
"A2":  place at start of [0x008000-0x009fff] { block INTVEC };
"P3":  place in [from 0x008000 to 0x009fff] {
          ro section __DLIB_PERTHREAD_init, ro section .far.data_init,
          ro section .far_func.textrw_init, ro section .huge.data_init,
          ro section .huge_func.textrw_init, ro section .iar.init_table,
          ro section .init_array, ro section .near.data_init,
          ro section .near.rodata, ro section .near_func.text,
          ro section .near_func.textrw_init, ro section .tiny.data_init,
          ro section .tiny.rodata_init };
"P4":  place in [from 0x008000 to 0x009fff] {
          ro section .far.rodata, ro section .far_func.text };
"P5":  place in [from 0x008000 to 0x009fff] {
          ro section .huge.rodata, ro section .huge_func.text };
do not initialize {
   rw section .eeprom.noinit, rw section .far.noinit, rw section .huge.noinit,
   rw section .near.noinit, rw section .tiny.noinit, rw section .vregs };
initialize by copy {
   rw section .far.bss, rw section .far.data, rw section .far_func.textrw,
   rw section .huge.bss, rw section .huge.data, rw section .huge_func.textrw,
   rw section .iar.dynexit, rw section .near.bss, rw section .near.data,
   rw section .near_func.textrw, rw section .tiny.bss, rw section .tiny.data,
   ro section .tiny.rodata };

  Section            Kind      Address    Size  Object
  -------            ----      -------    ----  ------
"A0":                                     0x10
  .vregs             uninit   0x000000    0x10  vregs.o [4]
                            - 0x000010    0x10

"A1":                                    0x100
  CSTACK                      0x000300   0x100  <Block>
    CSTACK           uninit   0x000300   0x100  <Block tail>
                            - 0x000400   0x100

"A2":                                     0x80
  INTVEC                      0x008000    0x80  <Block>
    .intvec          const    0x008000    0x80  interrupt.o [4]
                            - 0x008080    0x80

"P3-P5":                                0x160f
  .far.rodata        const    0x008080   0x5f0  AT24C02.o [1]
  Initializer bytes  const    0x008670   0x4a0  <for P2-1> (used: 0x0)
  .near_func.text    ro code  0x008b10   0x35c  AT24C02.o [1]
  .far.rodata        const    0x008e6c   0x228  AT24C02.o [1]
  .near_func.text    ro code  0x009094   0x120  stm8s_i2c.o [1]
  .near_func.text    ro code  0x0091b4   0x108  long.o [4]
  .near_func.text    ro code  0x0092bc    0xe4  vreg_util.o [4]
  .near_func.text    ro code  0x0093a0    0xa3  main.o [1]
  .near_func.text    ro code  0x009443    0x45  short.o [4]
  .near_func.text    ro code  0x009488    0x3f  init.o [4]
  .near_func.text    ro code  0x0094c7    0x36  stm8s_i2c.o [1]
  .near_func.text    ro code  0x0094fd    0x2a  stm8s_clk.o [1]
  .near_func.text    ro code  0x009527    0x27  far_util.o [4]
  .near_func.text    ro code  0x00954e    0x23  AT24C02.o [1]
  .iar.init_table    const    0x009571     0xb  - Linker created -
  .near_func.text    ro code  0x00957c    0x18  __dbg_xxexit.o [3]
  .near_func.text    ro code  0x009594    0x14  init.o [4]
  .near_func.text    ro code  0x0095a8    0x13  stm8s_i2c.o [1]
  .near_func.text    ro code  0x0095bb    0x13  stm8s_i2c.o [1]
  .near_func.text    ro code  0x0095ce    0x13  stm8s_i2c.o [1]
  .near_func.text    ro code  0x0095e1    0x13  cstartup.o [4]
  .far.rodata        const    0x0095f4    0x12  main.o [1]
  .near_func.text    ro code  0x009606    0x10  stm8s_i2c.o [1]
  .far.rodata        const    0x009616     0xb  main.o [1]
  .near_func.text    ro code  0x009621     0xb  stm8s_clk.o [1]
  .near_func.text    ro code  0x00962c     0xb  stm8s_i2c.o [1]
  .near_func.text    ro code  0x009637     0xb  dc_util.o [4]
  .near_func.text    ro code  0x009642     0x9  stm8s_i2c.o [1]
  .near_func.text    ro code  0x00964b     0x9  stm8s_i2c.o [1]
  .near_func.text    ro code  0x009654     0x5  stm8s_i2c.o [1]
  .near_func.text    ro code  0x009659     0x5  stm8s_i2c.o [1]
  .near_func.text    ro code  0x00965e     0x5  stm8s_i2c.o [1]
  .near_func.text    ro code  0x009663     0x5  stm8s_i2c.o [1]
  .near_func.text    ro code  0x009668     0x5  cexit.o [4]
  .near_func.text    ro code  0x00966d     0x3  interrupt.o [4]
  .near_func.text    ro code  0x009670     0x3  low_level_init.o [4]
  .near_func.text    ro code  0x009673     0x3  exit.o [4]
  .near_func.text    ro code  0x009676     0x3  unhandled_exception.o [4]
  .near_func.text    ro code  0x009679     0x1  AT24C02.o [1]
  .near_func.text    ro code  0x00967a     0x1  stm8s_it.o [1]
  .near_func.text    ro code  0x00967b     0x1  stm8s_it.o [1]
  .near_func.text    ro code  0x00967c     0x1  stm8s_it.o [1]
  .near_func.text    ro code  0x00967d     0x1  stm8s_it.o [1]
  .near_func.text    ro code  0x00967e     0x1  stm8s_it.o [1]
  .near_func.text    ro code  0x00967f     0x1  stm8s_it.o [1]
  .near_func.text    ro code  0x009680     0x1  stm8s_it.o [1]
  .near_func.text    ro code  0x009681     0x1  stm8s_it.o [1]
  .near_func.text    ro code  0x009682     0x1  stm8s_it.o [1]
  .near_func.text    ro code  0x009683     0x1  stm8s_it.o [1]
  .near_func.text    ro code  0x009684     0x1  stm8s_it.o [1]
  .near_func.text    ro code  0x009685     0x1  stm8s_it.o [1]
  .near_func.text    ro code  0x009686     0x1  stm8s_it.o [1]
  .near_func.text    ro code  0x009687     0x1  stm8s_it.o [1]
  .near_func.text    ro code  0x009688     0x1  stm8s_it.o [1]
  .near_func.text    ro code  0x009689     0x1  stm8s_it.o [1]
  .near_func.text    ro code  0x00968a     0x1  stm8s_it.o [1]
  .near_func.text    ro code  0x00968b     0x1  stm8s_it.o [1]
  .near_func.text    ro code  0x00968c     0x1  stm8s_it.o [1]
  .near_func.text    ro code  0x00968d     0x1  stm8s_it.o [1]
  .near_func.text    ro code  0x00968e     0x1  __dbg_break.o [3]
                            - 0x00968f  0x160f

"P2" (*** FAILED ***):                   0x4a0
  P2-1                                   0x4a0  <Init block>
    .near.data       inited               0xa0  AT24C02.o [1]
    .near.data       inited              0x400  AT24C02.o [1]
                                         0x4a0


*******************************************************************************
*** INIT TABLE
***

          Address     Size
          -------     ----
Copy (__iar_copy_init2)
    1 source range, total size 0x4a0:
            0x008670  0x4a0
    1 destination range, total size 0x4a0:
          0x00000000  0x4a0



*******************************************************************************
*** MODULE SUMMARY
***

    Module                 ro code  ro data  rw data
    ------                 -------  -------  -------
D:\IAR_Project\IIC_OLED\Debug\Obj: [1]
    AT24C02.o                  896    3 256    1 184
    main.o                     163       29
    stm8s_clk.o                 53
    stm8s_i2c.o                464
    stm8s_it.o                  20
    ------------------------------------------------
    Total:                   1 596    3 285    1 184

command line: [2]
    ------------------------------------------------
    Total:

dbgstm8sld.a: [3]
    __dbg_break.o                1
    __dbg_xxexit.o              24
    ------------------------------------------------
    Total:                      25

dlstm8sln.a: [4]
    cexit.o                      5
    cstartup.o                  19
    dc_util.o                   11
    exit.o                       3
    far_util.o                  39
    init.o                      83
    interrupt.o                  3      128
    long.o                     264
    low_level_init.o             3
    short.o                     69
    unhandled_exception.o        3
    vreg_util.o                228
    vregs.o                                       16
    ------------------------------------------------
    Total:                     730      128       16

    Linker created                       11      256
----------------------------------------------------
    Grand Total:             2 351    3 424    1 456


*******************************************************************************
*** ENTRY LIST
***

Entry                      Address   Size  Type      Object
-----                      -------   ----  ----      ------
.iar.init_table$$Base     0x009571          --   Gb  - Linker created -
.iar.init_table$$Limit    0x00957c          --   Gb  - Linker created -
?b0                       0x000000         Data  Gb  vregs.o [4]
?b1                       0x000001         Data  Gb  vregs.o [4]
?b10                      0x00000a         Data  Gb  vregs.o [4]
?b11                      0x00000b         Data  Gb  vregs.o [4]
?b12                      0x00000c         Data  Gb  vregs.o [4]
?b13                      0x00000d         Data  Gb  vregs.o [4]
?b14                      0x00000e         Data  Gb  vregs.o [4]
?b15                      0x00000f         Data  Gb  vregs.o [4]
?b2                       0x000002         Data  Gb  vregs.o [4]
?b3                       0x000003         Data  Gb  vregs.o [4]
?b4                       0x000004         Data  Gb  vregs.o [4]
?b5                       0x000005         Data  Gb  vregs.o [4]
?b6                       0x000006         Data  Gb  vregs.o [4]
?b7                       0x000007         Data  Gb  vregs.o [4]
?b8                       0x000008         Data  Gb  vregs.o [4]
?b9                       0x000009         Data  Gb  vregs.o [4]
?dc32_px                  0x009637         Code  Gb  dc_util.o [4]
?e0                       0x000001         Data  Gb  vregs.o [4]
?e1                       0x000005         Data  Gb  vregs.o [4]
?e2                       0x000009         Data  Gb  vregs.o [4]
?e3                       0x00000d         Data  Gb  vregs.o [4]
?epilogue_l2              0x009343         Code  Gb  vreg_util.o [4]
?epilogue_l2_l3           0x009340         Code  Gb  vreg_util.o [4]
?epilogue_w4              0x009347         Code  Gb  vreg_util.o [4]
?l0                       0x000000         Data  Gb  vregs.o [4]
?l1                       0x000004         Data  Gb  vregs.o [4]
?l2                       0x000008         Data  Gb  vregs.o [4]
?l3                       0x00000c         Data  Gb  vregs.o [4]
?load24_e0_0x             0x009532         Code  Gb  far_util.o [4]
?load24_e0_asp            0x009527         Code  Gb  far_util.o [4]
?load24_e0_xsp            0x009529         Code  Gb  far_util.o [4]
?load24_e1_0x             0x009540         Code  Gb  far_util.o [4]
?mov_e0_e2                0x00934e         Code  Gb  vreg_util.o [4]
?mov_e0_e3                0x00935b         Code  Gb  vreg_util.o [4]
?mov_e1_e0                0x009368         Code  Gb  vreg_util.o [4]
?mov_e2_e0                0x009375         Code  Gb  vreg_util.o [4]
?mov_e2_e3                0x00937f         Code  Gb  vreg_util.o [4]
?mov_e3_e0                0x00938c         Code  Gb  vreg_util.o [4]
?mov_e3_e1                0x009396         Code  Gb  vreg_util.o [4]
?mov_l0_l2                0x00934b         Code  Gb  vreg_util.o [4]
?mov_l0_l3                0x009358         Code  Gb  vreg_util.o [4]
?mov_l1_l0                0x009365         Code  Gb  vreg_util.o [4]
?mov_l2_l0                0x009372         Code  Gb  vreg_util.o [4]
?mov_l3_l0                0x009389         Code  Gb  vreg_util.o [4]
?mov_w1_w5                0x009351         Code  Gb  vreg_util.o [4]
?mov_w1_w7                0x00935e         Code  Gb  vreg_util.o [4]
?mov_w3_w1                0x00936b         Code  Gb  vreg_util.o [4]
?mov_w5_w1                0x009378         Code  Gb  vreg_util.o [4]
?mov_w5_w7                0x009382         Code  Gb  vreg_util.o [4]
?mov_w7_w1                0x00938f         Code  Gb  vreg_util.o [4]
?mov_w7_w3                0x009399         Code  Gb  vreg_util.o [4]
?mul16_x_x_w0             0x009443         Code  Gb  short.o [4]
?mul32_l0_l0_0x           0x0091b7         Code  Gb  long.o [4]
?mul32_l0_l0_dl           0x0091b4         Code  Gb  long.o [4]
?mul32_l0_l0_l1           0x0091c0         Code  Gb  long.o [4]
?pop_l2                   0x009322         Code  Gb  vreg_util.o [4]
?pop_l3                   0x00932d         Code  Gb  vreg_util.o [4]
?pop_w4                   0x0092d4         Code  Gb  vreg_util.o [4]
?push_e0                  0x0092e3         Code  Gb  vreg_util.o [4]
?push_l2                  0x0092fb         Code  Gb  vreg_util.o [4]
?push_l3                  0x009300         Code  Gb  vreg_util.o [4]
?push_w4                  0x0092bc         Code  Gb  vreg_util.o [4]
?sdiv16_x_x_y             0x009461         Code  Gb  short.o [4]
?sll16_x_x_4              0x00947b         Code  Gb  short.o [4]
?sll16_x_x_5              0x00947a         Code  Gb  short.o [4]
?sll32_0x_0x_a            0x0092ae         Code  Gb  long.o [4]
?sll32_l0_l0_a            0x0092ab         Code  Gb  long.o [4]
?srl16_x_x_4              0x009483         Code  Gb  short.o [4]
?srl16_x_x_5              0x009482         Code  Gb  short.o [4]
?srl16_x_x_6              0x009481         Code  Gb  short.o [4]
?srl16_x_x_7              0x009480         Code  Gb  short.o [4]
?udiv32_l0_l0_l1          0x00923e         Code  Gb  long.o [4]
?umod32_l1_l0_l1          0x00923e         Code  Gb  long.o [4]
?w0                       0x000000         Data  Gb  vregs.o [4]
?w1                       0x000002         Data  Gb  vregs.o [4]
?w2                       0x000004         Data  Gb  vregs.o [4]
?w3                       0x000006         Data  Gb  vregs.o [4]
?w4                       0x000008         Data  Gb  vregs.o [4]
?w5                       0x00000a         Data  Gb  vregs.o [4]
?w6                       0x00000c         Data  Gb  vregs.o [4]
?w7                       0x00000e         Data  Gb  vregs.o [4]
ADC1_IRQHandler           0x00968b    0x1  Code  Gb  stm8s_it.o [1]
AWU_IRQHandler            0x00967c    0x1  Code  Gb  stm8s_it.o [1]
BMP1                    0x000000a0  0x400  Data  Gb  AT24C02.o [1]
CLK_IRQHandler            0x00967d    0x1  Code  Gb  stm8s_it.o [1]
CLK_SYSCLKConfig          0x0094fd   0x2a  Code  Gb  stm8s_clk.o [1]
CSTACK$$Base              0x000300          --   Gb  - Linker created -
CSTACK$$Limit             0x000400          --   Gb  - Linker created -
Delayms                   0x009679    0x1  Code  Gb  AT24C02.o [1]
EEPROM_EEC_IRQHandler     0x00968d    0x1  Code  Gb  stm8s_it.o [1]
EXTI_PORTA_IRQHandler     0x00967e    0x1  Code  Gb  stm8s_it.o [1]
EXTI_PORTB_IRQHandler     0x00967f    0x1  Code  Gb  stm8s_it.o [1]
EXTI_PORTC_IRQHandler     0x009680    0x1  Code  Gb  stm8s_it.o [1]
EXTI_PORTD_IRQHandler     0x009681    0x1  Code  Gb  stm8s_it.o [1]
EXTI_PORTE_IRQHandler     0x009682    0x1  Code  Gb  stm8s_it.o [1]
F16x16                  0x00000000   0xa0  Data  Gb  AT24C02.o [1]
F6x8                      0x008e6c  0x228  Data  Gb  AT24C02.o [1]
F8X16                     0x008080  0x5f0  Data  Gb  AT24C02.o [1]
I2C_CheckEvent            0x0094c7   0x36  Code  Gb  stm8s_i2c.o [1]
I2C_Cmd                   0x0095a8   0x13  Code  Gb  stm8s_i2c.o [1]
I2C_GenerateSTART         0x0095bb   0x13  Code  Gb  stm8s_i2c.o [1]
I2C_GenerateSTOP          0x0095ce   0x13  Code  Gb  stm8s_i2c.o [1]
I2C_IRQHandler            0x00968a    0x1  Code  Gb  stm8s_it.o [1]
I2C_Init                  0x009094  0x120  Code  Gb  stm8s_i2c.o [1]
I2C_Send7bitAddress       0x00964b    0x9  Code  Gb  stm8s_i2c.o [1]
I2C_SendData              0x009663    0x5  Code  Gb  stm8s_i2c.o [1]
IIC_Init                  0x00954e   0x23  Code  Gb  AT24C02.o [1]
IIC_Write                 0x008b10   0x49  Code  Gb  AT24C02.o [1]
INTVEC$$Base              0x008000          --   Gb  - Linker created -
INTVEC$$Limit             0x008080          --   Gb  - Linker created -
OLED_CLS                  0x008e68    0x4  Code  Gb  AT24C02.o [1]
OLED_DrawBMP              0x008e03   0x58  Code  Gb  AT24C02.o [1]
OLED_Fill                 0x008c46   0x38  Code  Gb  AT24C02.o [1]
OLED_Init                 0x008b83   0x80  Code  Gb  AT24C02.o [1]
OLED_OFF                  0x008c81   0x12  Code  Gb  AT24C02.o [1]
OLED_ON                   0x008c7e    0x3  Code  Gb  AT24C02.o [1]
OLED_SetPos               0x008c17   0x23  Code  Gb  AT24C02.o [1]
OLED_ShowCN               0x008dac   0x43  Code  Gb  AT24C02.o [1]
OLED_ShowStr              0x008ca4   0xd3  Code  Gb  AT24C02.o [1]
Region$$Table$$Base       0x009571          --   Gb  - Linker created -
Region$$Table$$Limit      0x00957c          --   Gb  - Linker created -
SPI_IRQHandler            0x009683    0x1  Code  Gb  stm8s_it.o [1]
TIM1_CAP_COM_IRQHandler
                          0x009685    0x1  Code  Gb  stm8s_it.o [1]
TIM1_UPD_OVF_TRG_BRK_IRQHandler
                          0x009684    0x1  Code  Gb  stm8s_it.o [1]
TIM2_CAP_COM_IRQHandler
                          0x009687    0x1  Code  Gb  stm8s_it.o [1]
TIM2_UPD_OVF_BRK_IRQHandler
                          0x009686    0x1  Code  Gb  stm8s_it.o [1]
TIM4_UPD_OVF_IRQHandler
                          0x00968c    0x1  Code  Gb  stm8s_it.o [1]
TLI_IRQHandler            0x00967b    0x1  Code  Gb  stm8s_it.o [1]
TRAP_IRQHandler           0x00967a    0x1  Code  Gb  stm8s_it.o [1]
UART1_RX_IRQHandler       0x009689    0x1  Code  Gb  stm8s_it.o [1]
UART1_TX_IRQHandler       0x009688    0x1  Code  Gb  stm8s_it.o [1]
WriteCmd                  0x008b62    0x6  Code  Gb  AT24C02.o [1]
__DebugBreak              0x00968e    0x1  Code  Gb  __dbg_break.o [3]
__exit                    0x00957c   0x18  Code  Gb  __dbg_xxexit.o [3]
__iar_copy_init2          0x009488   0x3f  Code  Gb  init.o [4]
__iar_data_init2          0x009594   0x14  Code  Gb  init.o [4]
__iar_program_start       0x0095e1         Code  Gb  cstartup.o [4]
__iar_unhandled_exception
                          0x009676         Code  Gb  unhandled_exception.o [4]
__intvec                  0x008000         Data  Gb  interrupt.o [4]
__low_level_init          0x009670    0x3  Code  Gb  low_level_init.o [4]
_exit                     0x009668         Code  Gb  cexit.o [4]
_interrupt_1              0x00967a         Code  Gb  stm8s_it.o [1]
_interrupt_12             0x009683         Code  Gb  stm8s_it.o [1]
_interrupt_13             0x009684         Code  Gb  stm8s_it.o [1]
_interrupt_14             0x009685         Code  Gb  stm8s_it.o [1]
_interrupt_15             0x009686         Code  Gb  stm8s_it.o [1]
_interrupt_16             0x009687         Code  Gb  stm8s_it.o [1]
_interrupt_19             0x009688         Code  Gb  stm8s_it.o [1]
_interrupt_2              0x00967b         Code  Gb  stm8s_it.o [1]
_interrupt_20             0x009689         Code  Gb  stm8s_it.o [1]
_interrupt_21             0x00968a         Code  Gb  stm8s_it.o [1]
_interrupt_24             0x00968b         Code  Gb  stm8s_it.o [1]
_interrupt_25             0x00968c         Code  Gb  stm8s_it.o [1]
_interrupt_26             0x00968d         Code  Gb  stm8s_it.o [1]
_interrupt_3              0x00967c         Code  Gb  stm8s_it.o [1]
_interrupt_4              0x00967d         Code  Gb  stm8s_it.o [1]
_interrupt_5              0x00967e         Code  Gb  stm8s_it.o [1]
_interrupt_6              0x00967f         Code  Gb  stm8s_it.o [1]
_interrupt_7              0x009680         Code  Gb  stm8s_it.o [1]
_interrupt_8              0x009681         Code  Gb  stm8s_it.o [1]
_interrupt_9              0x009682         Code  Gb  stm8s_it.o [1]
delay                     0x0093a0    0x1  Code  Gb  main.o [1]
exit                      0x009673    0x3  Code  Gb  exit.o [4]
main                      0x0093a1   0x99  Code  Gb  main.o [1]


[1] = D:\IAR_Project\IIC_OLED\Debug\Obj
[2] = command line
[3] = dbgstm8sld.a
[4] = dlstm8sln.a

  2 351 bytes of readonly  code memory
  3 424 bytes of readonly  data memory
  1 456 bytes of readwrite data memory

Errors: 1
Warnings: none
